php : 
No C:\Users\joabe\AppData\Local\Temp\ps-script-31e6a139-9568-462e-98af-e20b999c7e6e.ps1:96 caractere:1
+ php bin/console app:deploy --branch=uniojuridico > deploy-run.log 2>& ...
+ ~~~~~~~~~~~~~~~~~~~~~~~~~~~~~~~~~~~~~~~~~~~~~~~~~~~~~~~~~~~~~~~~~~~~~
    + CategoryInfo          : NotSpecified: (:String) [], RemoteException
    + FullyQualifiedErrorId : NativeCommandError
 
                                         
  Command "app:deploy" is not defined.   
                                         
  Did you mean one of these?             
      app:clinic:agenda-reminders        
      app:clinic:sandbox-seed            
      app:ensure-platform-owner          
      app:generate-uniojuridico-pdf      
      app:migrate-admin-perfil           
      app:organismo:tick                 
      app:patch-empresa-logos            
      app:platform-audit:record-deploy   
      app:platform:sync-email-identity   
      app:pos-operatorio:continuity      
      app:pos-operatorio:retention       
      app:pos-operatorio:seed            
      app:pos-operatorio:send-reminders  
      app:rh-email-process-queue         
      app:rh-esocial-process-queue       
      app:seed-dev-projetos              
      app:seed-product-grants            
      app:seed-rh-processes              
      app:seed-users                     
      app:users:reset-all-passwords      
      app:validate-system                
      app:vitoria:smoke-test             
                                         

